---
source: src/clients/responses.rs
expression: to_api_input_json(&item)
---
{
  "content": [
    {
      "text": "deep analysis",
      "type": "reasoning_text"
    }
  ],
  "id": "r-1",
  "summary": [
    {
      "text": "thinking...",
      "type": "summary_text"
    }
  ],
  "type": "reasoning"
}
